--------------------------------------------------------------------------------------
Timing Analyzer Summary
--------------------------------------------------------------------------------------

Type           : Worst-case tsu
Slack          : N/A
Required Time  : None
Actual Time    : 4.127 ns
From           : ROM_RAM
To             : lpm_ram_dq0:inst1|altsyncram:altsyncram_component|altsyncram_5ta1:auto_generated|ram_block1a0~porta_datain_reg6
From Clock     : --
To Clock       : clk
Failed Paths   : 0

Type           : Worst-case tco
Slack          : N/A
Required Time  : None
Actual Time    : 15.058 ns
From           : lpm_dff1:inst12|lpm_ff:lpm_ff_component|dffs[7]
To             : RESULT[7]
From Clock     : READ
To Clock       : --
Failed Paths   : 0

Type           : Worst-case tpd
Slack          : N/A
Required Time  : None
Actual Time    : 9.796 ns
From           : ROM_RAM
To             : RESULT[6]
From Clock     : --
To Clock       : --
Failed Paths   : 0

Type           : Worst-case th
Slack          : N/A
Required Time  : None
Actual Time    : 3.705 ns
From           : READ
To             : lpm_dff0:inst11|lpm_ff:lpm_ff_component|dffs[7]
From Clock     : --
To Clock       : READ
Failed Paths   : 0

Type           : Clock Setup: 'clk'
Slack          : N/A
Required Time  : None
Actual Time    : 54.61 MHz ( period = 18.312 ns )
From           : lpm_dff1:inst12|lpm_ff:lpm_ff_component|dffs[7]
To             : lpm_ram_dq0:inst1|altsyncram:altsyncram_component|altsyncram_5ta1:auto_generated|ram_block1a0~porta_datain_reg7
From Clock     : clk
To Clock       : clk
Failed Paths   : 0

Type           : Clock Setup: 'READ'
Slack          : N/A
Required Time  : None
Actual Time    : 293.69 MHz ( period = 3.405 ns )
From           : lpm_dff1:inst12|lpm_ff:lpm_ff_component|dffs[7]
To             : lpm_dff2:inst13|lpm_ff:lpm_ff_component|dffs[7]
From Clock     : READ
To Clock       : READ
Failed Paths   : 0

Type           : Clock Setup: 'ROM_RAM'
Slack          : N/A
Required Time  : None
Actual Time    : Restricted to 500.00 MHz ( period = 2.000 ns )
From           : lpm_rom_block:inst|altsyncram:altsyncram_component|altsyncram_gq51:auto_generated|ram_block1a0~porta_address_reg7
To             : lpm_rom_block:inst|altsyncram:altsyncram_component|altsyncram_gq51:auto_generated|q_a[7]
From Clock     : ROM_RAM
To Clock       : ROM_RAM
Failed Paths   : 0

Type           : Clock Setup: 'WRITE'
Slack          : N/A
Required Time  : None
Actual Time    : Restricted to 500.00 MHz ( period = 2.000 ns )
From           : lpm_counter_read_buff:inst17|lpm_counter:lpm_counter_component|cntr_q3i:auto_generated|safe_q[0]
To             : lpm_counter_read_buff:inst17|lpm_counter:lpm_counter_component|cntr_q3i:auto_generated|safe_q[1]
From Clock     : WRITE
To Clock       : WRITE
Failed Paths   : 0

Type           : Clock Hold: 'clk'
Slack          : Not operational: Clock Skew > Data Delay
Required Time  : None
Actual Time    : N/A
From           : inst23
To             : lpm_dff0:inst11|lpm_ff:lpm_ff_component|dffs[6]
From Clock     : clk
To Clock       : clk
Failed Paths   : 220

Type           : Clock Hold: 'READ'
Slack          : Not operational: Clock Skew > Data Delay
Required Time  : None
Actual Time    : N/A
From           : lpm_rom_block:inst|altsyncram:altsyncram_component|altsyncram_gq51:auto_generated|q_a[7]
To             : lpm_dff0:inst11|lpm_ff:lpm_ff_component|dffs[7]
From Clock     : READ
To Clock       : READ
Failed Paths   : 63

Type           : Total number of failed paths
Slack          : 
Required Time  : 
Actual Time    : 
From           : 
To             : 
From Clock     : 
To Clock       : 
Failed Paths   : 283

--------------------------------------------------------------------------------------

