--------------------------------------------------------------------------------------
Timing Analyzer Summary
--------------------------------------------------------------------------------------

Type           : Worst-case tsu
Slack          : N/A
Required Time  : None
Actual Time    : 6.162 ns
From           : m[4]
To             : block1_dop:inst1|lpm_counter4:inst|lpm_counter:lpm_counter_component|cntr_i4i:auto_generated|safe_q[2]
From Clock     : --
To Clock       : clk
Failed Paths   : 0

Type           : Worst-case tco
Slack          : N/A
Required Time  : None
Actual Time    : 17.411 ns
From           : block3:inst9|lpm_counter3:inst|lpm_counter:lpm_counter_component|cntr_qlh:auto_generated|safe_q[1]
To             : DCa[9]
From Clock     : clk
To Clock       : --
Failed Paths   : 0

Type           : Worst-case tpd
Slack          : N/A
Required Time  : None
Actual Time    : 10.905 ns
From           : m[6]
To             : out
From Clock     : --
To Clock       : --
Failed Paths   : 0

Type           : Worst-case th
Slack          : N/A
Required Time  : None
Actual Time    : -1.140 ns
From           : clk
To             : Block1:inst|inst11
From Clock     : --
To Clock       : clk
Failed Paths   : 0

Type           : Clock Setup: 'clk'
Slack          : 17.359 ns
Required Time  : 50.00 MHz ( period = 20.000 ns )
Actual Time    : 378.64 MHz ( period = 2.641 ns )
From           : block2:inst6|inst25
To             : block2:inst6|inst25
From Clock     : clk
To Clock       : clk
Failed Paths   : 0

Type           : Clock Hold: 'clk'
Slack          : -0.043 ns
Required Time  : 50.00 MHz ( period = 20.000 ns )
Actual Time    : N/A
From           : block3:inst9|lpm_counter3:inst|lpm_counter:lpm_counter_component|cntr_qlh:auto_generated|safe_q[0]
To             : block3:inst9|lpm_counter3:inst|lpm_counter:lpm_counter_component|cntr_qlh:auto_generated|safe_q[0]
From Clock     : clk
To Clock       : clk
Failed Paths   : 4

Type           : Total number of failed paths
Slack          : 
Required Time  : 
Actual Time    : 
From           : 
To             : 
From Clock     : 
To Clock       : 
Failed Paths   : 4

--------------------------------------------------------------------------------------

