--------------------------------------------------------------------------------------
Timing Analyzer Summary
--------------------------------------------------------------------------------------

Type           : Worst-case tsu
Slack          : N/A
Required Time  : None
Actual Time    : 4.690 ns
From           : Slave_add[0]
To             : Master4:inst3|lpm_counter1:inst18|lpm_counter:lpm_counter_component|cntr_4pi:auto_generated|safe_q[0]
From Clock     : --
To Clock       : clk
Failed Paths   : 0

Type           : Worst-case tco
Slack          : N/A
Required Time  : None
Actual Time    : 12.745 ns
From           : Arbiter2:inst7|lpm_counter2:inst4|lpm_counter:lpm_counter_component|cntr_q3i:auto_generated|safe_q[0]
To             : S3[4]
From Clock     : clk
To Clock       : --
Failed Paths   : 0

Type           : Worst-case tpd
Slack          : N/A
Required Time  : None
Actual Time    : 10.563 ns
From           : Slave_add[0]
To             : S3[4]
From Clock     : --
To Clock       : --
Failed Paths   : 0

Type           : Worst-case th
Slack          : N/A
Required Time  : None
Actual Time    : -2.671 ns
From           : REQ[2]
To             : Master3:inst2|inst9
From Clock     : --
To Clock       : clk
Failed Paths   : 0

Type           : Clock Setup: 'clk'
Slack          : N/A
Required Time  : None
Actual Time    : 145.86 MHz ( period = 6.856 ns )
From           : Arbiter2:inst7|lpm_counter2:inst4|lpm_counter:lpm_counter_component|cntr_q3i:auto_generated|safe_q[0]
To             : Master4:inst3|lpm_counter1:inst18|lpm_counter:lpm_counter_component|cntr_4pi:auto_generated|safe_q[0]
From Clock     : clk
To Clock       : clk
Failed Paths   : 0

Type           : Clock Hold: 'clk'
Slack          : Not operational: Clock Skew > Data Delay
Required Time  : None
Actual Time    : N/A
From           : Arbiter2:inst7|lpm_counter2:inst4|lpm_counter:lpm_counter_component|cntr_q3i:auto_generated|safe_q[1]
To             : Arbiter2:inst7|lpm_counter2:inst4|lpm_counter:lpm_counter_component|cntr_q3i:auto_generated|safe_q[1]
From Clock     : clk
To Clock       : clk
Failed Paths   : 3

Type           : Total number of failed paths
Slack          : 
Required Time  : 
Actual Time    : 
From           : 
To             : 
From Clock     : 
To Clock       : 
Failed Paths   : 3

--------------------------------------------------------------------------------------

